catalogue locations 4902
series rows 15023
unique stations 3804
quantity,frequency,statistic,stations
discharge,,instantaneous,1633
discharge,,mean,2
discharge,daily,instantaneous,19
discharge,daily,mean,1620
discharge,hourly,instantaneous,20
discharge,hourly,mean,1039
stage,,instantaneous,2849
stage,,mean,1
stage,daily,instantaneous,60
stage,daily,mean,2790
stage,hourly,instantaneous,59
stage,hourly,mean,1528
temperature,,instantaneous,1234
temperature,,mean,1
temperature,daily,instantaneous,61
temperature,daily,mean,1153
temperature,hourly,instantaneous,63
temperature,hourly,mean,731

product_id,stations
discharge_daily_mean,1637
discharge_hourly_mean,1057
discharge_instantaneous,1635
stage_daily_mean,2845
stage_hourly_mean,1584
stage_instantaneous,2850
water_temperature_daily_mean,1212
water_temperature_hourly_mean,792
water_temperature_instantaneous,1235

shape: (14, 3)
┌──────────────┬─────────────────────────────────┬─────────────────────────────────┐
│ provider_id  ┆ credentials                     ┆ access                          │
│ ---          ┆ ---                             ┆ ---                             │
│ str          ┆ list[str]                       ┆ str                             │
╞══════════════╪═════════════════════════════════╪═════════════════════════════════╡
│ ba_fhmzbih   ┆ []                              ┆ open                            │
│ br_ana       ┆ ["ANA_IDENTIFICADOR", "ANA_SEN… ┆ missing ANA_IDENTIFICADOR, ANA… │
│ ca_eccc      ┆ []                              ┆ open                            │
│ ch_foen      ┆ []                              ┆ open                            │
│ cz_chmi      ┆ []                              ┆ open                            │
│ …            ┆ …                               ┆ …                               │
│ no_nve       ┆ ["NVE_API_KEY"]                 ┆ ready                           │
│ pl_imgw      ┆ []                              ┆ open                            │
│ th_thaiwater ┆ []                              ┆ open                            │
│ usgs_nwis    ┆ []                              ┆ open                            │
│ za_dws       ┆ []                              ┆ open                            │
└──────────────┴─────────────────────────────────┴─────────────────────────────────┘
shape: (3, 58)
┌───────────┬───────────┬───────────┬───────────┬───┬───────────┬───────────┬───────────┬──────────┐
│ provider_ ┆ station_i ┆ product_i ┆ series_id ┆ … ┆ inventory ┆ inventory ┆ outcomes  ┆ outcome_ │
│ id        ┆ d         ┆ d         ┆ ---       ┆   ┆ _vintage  ┆ _status   ┆ ---       ┆ reasons  │
│ ---       ┆ ---       ┆ ---       ┆ str       ┆   ┆ ---       ┆ ---       ┆ list[str] ┆ ---      │
│ str       ┆ str       ┆ str       ┆           ┆   ┆ list[str] ┆ list[str] ┆           ┆ list[str │
│           ┆           ┆           ┆           ┆   ┆           ┆           ┆           ┆ ]        │
╞═══════════╪═══════════╪═══════════╪═══════════╪═══╪═══════════╪═══════════╪═══════════╪══════════╡
│ no_nve    ┆ 2.605.0   ┆ discharge ┆ a75a2c065 ┆ … ┆ ["2026-09 ┆ ["incompl ┆ []        ┆ []       │
│           ┆           ┆ _daily_me ┆ ee53ee333 ┆   ┆ -04"]     ┆ ete"]     ┆           ┆          │
│           ┆           ┆ an        ┆ 850556712 ┆   ┆           ┆           ┆           ┆          │
│           ┆           ┆           ┆ 270…      ┆   ┆           ┆           ┆           ┆          │
│ no_nve    ┆ 2.605.0   ┆ discharge ┆ 4aed64704 ┆ … ┆ ["2026-09 ┆ ["incompl ┆ []        ┆ []       │
│           ┆           ┆ _hourly_m ┆ 50f67d65a ┆   ┆ -04"]     ┆ ete"]     ┆           ┆          │
│           ┆           ┆ ean       ┆ 5d08e4be2 ┆   ┆           ┆           ┆           ┆          │
│           ┆           ┆           ┆ 884…      ┆   ┆           ┆           ┆           ┆          │
│ no_nve    ┆ 2.605.0   ┆ discharge ┆ b22017a89 ┆ … ┆ ["2026-09 ┆ ["incompl ┆ []        ┆ []       │
│           ┆           ┆ _instanta ┆ 0a22b9f27 ┆   ┆ -04"]     ┆ ete"]     ┆           ┆          │
│           ┆           ┆ neous     ┆ 39496e1c3 ┆   ┆           ┆           ┆           ┆          │
│           ┆           ┆           ┆ bf4…      ┆   ┆           ┆           ┆           ┆          │
└───────────┴───────────┴───────────┴───────────┴───┴───────────┴───────────┴───────────┴──────────┘
